// Jest Snapshot v1, https://goo.gl/fbAQLP

exports[`L2 Panel component renders correctly 1`] = `
<ContextConsumer>
  <Component />
</ContextConsumer>
`;

exports[`L2 Panel component with nested category renders correctly 1`] = `
<ContextConsumer>
  <Component />
</ContextConsumer>
`;
