// Jest Snapshot v1, https://goo.gl/fbAQLP

exports[`HeadingVanilla should render correctly 1`] = `
<Styled(Text)
  accessibilityRole="text"
  margin={null}
  textDecoration={null}
/>
`;
