// Jest Snapshot v1, https://goo.gl/fbAQLP

exports[`Row component renders correctly 1`] = `
<div
  className="sample-row"
  otherprops={Object {}}
  style={Object {}}
>
  ABCD
</div>
`;
